Resolving dependencies...
Downloading packages...
  archive 4.0.7 (4.0.9 available)
  async 2.13.0 (2.13.1 available)
  cli_util 0.4.2 (0.5.1 available)
  code_assets 0.19.10 (1.2.1 available)
  connectivity_plus 6.1.5 (7.2.0 available)
  connectivity_plus_platform_interface 2.0.1 (2.1.0 available)
  dbus 0.7.11 (0.7.14 available)
  dio 5.9.0 (5.10.0 available)
  dio_web_adapter 2.1.1 (2.2.0 available)
  ffi 2.1.5 (2.2.0 available)
  flutter_dotenv 5.2.1 (6.0.1 available)
  flutter_launcher_icons 0.13.1 (0.14.4 available)
  flutter_lints 3.0.2 (6.0.0 available)
  flutter_riverpod 2.6.1 (3.3.2 available)
  flutter_secure_storage 9.2.4 (10.3.1 available)
  flutter_secure_storage_linux 1.2.3 (3.0.1 available)
  flutter_secure_storage_macos 3.1.3 (4.0.0 available)
  flutter_secure_storage_platform_interface 1.1.2 (2.0.1 available)
  flutter_secure_storage_web 1.2.1 (2.1.1 available)
  flutter_secure_storage_windows 3.1.2 (4.2.2 available)
  hooks 0.20.5 (2.0.2 available)
  image 4.7.2 (4.9.1 available)
  intl 0.19.0 (0.20.3 available)
  js 0.6.7 (0.7.2 available)
  json_annotation 4.9.0 (4.12.0 available)
  lints 3.0.0 (6.1.0 available)
  matcher 0.12.19 (0.12.20 available)
  meta 1.17.0 (1.18.3 available)
  native_toolchain_c 0.17.2 (0.19.2 available)
  objective_c 9.2.2 (9.4.1 available)
  path_provider 2.1.5 (2.1.6 available)
  path_provider_android 2.2.22 (2.3.1 available)
  path_provider_linux 2.2.1 (2.2.2 available)
  path_provider_platform_interface 2.1.2 (2.1.3 available)
  petitparser 7.0.1 (7.0.2 available)
  platform_info 4.0.2 (5.0.0 available)
  posix 6.0.3 (6.5.0 available)
  riverpod 2.6.1 (3.3.2 available)
  source_span 1.10.1 (1.10.2 available)
  test_api 0.7.10 (0.7.13 available)
  uuid 4.5.2 (4.5.3 available)
  vector_math 2.2.0 (2.4.0 available)
  vm_service 15.0.2 (15.2.0 available)
  win32 5.15.0 (6.3.0 available)
  xml 6.6.1 (7.0.1 available)
Got dependencies!
45 packages have newer versions incompatible with dependency constraints.
Try `flutter pub outdated` for more information.
Resolving dependencies...
Downloading packages...
  archive 4.0.7 (4.0.9 available)
  async 2.13.0 (2.13.1 available)
  cli_util 0.4.2 (0.5.1 available)
  code_assets 0.19.10 (1.2.1 available)
  connectivity_plus 6.1.5 (7.2.0 available)
  connectivity_plus_platform_interface 2.0.1 (2.1.0 available)
  dbus 0.7.11 (0.7.14 available)
  dio 5.9.0 (5.10.0 available)
  dio_web_adapter 2.1.1 (2.2.0 available)
  ffi 2.1.5 (2.2.0 available)
  flutter_dotenv 5.2.1 (6.0.1 available)
  flutter_launcher_icons 0.13.1 (0.14.4 available)
  flutter_lints 3.0.2 (6.0.0 available)
  flutter_riverpod 2.6.1 (3.3.2 available)
  flutter_secure_storage 9.2.4 (10.3.1 available)
  flutter_secure_storage_linux 1.2.3 (3.0.1 available)
  flutter_secure_storage_macos 3.1.3 (4.0.0 available)
  flutter_secure_storage_platform_interface 1.1.2 (2.0.1 available)
  flutter_secure_storage_web 1.2.1 (2.1.1 available)
  flutter_secure_storage_windows 3.1.2 (4.2.2 available)
  hooks 0.20.5 (2.0.2 available)
  image 4.7.2 (4.9.1 available)
  intl 0.19.0 (0.20.3 available)
  js 0.6.7 (0.7.2 available)
  json_annotation 4.9.0 (4.12.0 available)
  lints 3.0.0 (6.1.0 available)
  matcher 0.12.19 (0.12.20 available)
  meta 1.17.0 (1.18.3 available)
  native_toolchain_c 0.17.2 (0.19.2 available)
  objective_c 9.2.2 (9.4.1 available)
  path_provider 2.1.5 (2.1.6 available)
  path_provider_android 2.2.22 (2.3.1 available)
  path_provider_linux 2.2.1 (2.2.2 available)
  path_provider_platform_interface 2.1.2 (2.1.3 available)
  petitparser 7.0.1 (7.0.2 available)
  platform_info 4.0.2 (5.0.0 available)
  posix 6.0.3 (6.5.0 available)
  riverpod 2.6.1 (3.3.2 available)
  source_span 1.10.1 (1.10.2 available)
  test_api 0.7.10 (0.7.13 available)
  uuid 4.5.2 (4.5.3 available)
  vector_math 2.2.0 (2.4.0 available)
  vm_service 15.0.2 (15.2.0 available)
  win32 5.15.0 (6.3.0 available)
  xml 6.6.1 (7.0.1 available)
Got dependencies!
45 packages have newer versions incompatible with dependency constraints.
Try `flutter pub outdated` for more information.
Building Linux application...
✓ Built build/linux/arm64/release/bundle/securewave_app
OK: Built /home/sp/cyber-course/projects/securewave/securewave_app/build/packaging/securewave-vpn_4.0.0+1_arm64.deb
OK: Local package only; no release artifact was published.
